  Interfaz.cpp
D:\REPOSITORIOS\ParserMetodos\Interfaz\Interfaz\parsermet.h(695,1): warning C4102: 'find_rule': etiqueta sin referencia
  (compilando archivo de origen "Interfaz.cpp")
  
D:\REPOSITORIOS\ParserMetodos\Interfaz\Interfaz\parsermet.h(1182,3): warning C4267: '=': conversión de 'size_t' a 'int'; posible pérdida de datos
  (compilando archivo de origen "Interfaz.cpp")
  
D:\REPOSITORIOS\ParserMetodos\Interfaz\Interfaz\parsermet.h(1345,15): warning C4244: 'inicializando': conversión de '__int64' a 'int'; posible pérdida de datos
  (compilando archivo de origen "Interfaz.cpp")
  
D:\REPOSITORIOS\ParserMetodos\Interfaz\Interfaz\parsermet.h(1509,12): warning C4273: 'isatty': vinculación de DLL incoherente
  (compilando archivo de origen "Interfaz.cpp")
      C:\Program Files (x86)\Windows Kits\10\Include\10.0.22621.0\ucrt\corecrt_io.h(493,30):
      vea la definición anterior de “isatty”
  
D:\REPOSITORIOS\ParserMetodos\Interfaz\Interfaz\parsermet_yac.h(1212,5): warning C4065: la instrucción switch contiene etiquetas 'default' pero no etiquetas 'case'
  (compilando archivo de origen "Interfaz.cpp")
  
D:\REPOSITORIOS\ParserMetodos\Interfaz\Interfaz\Interfaz.cpp(11,9): warning C4005: 'UNICODE': redefinición de macro
      D:\REPOSITORIOS\ParserMetodos\Interfaz\Interfaz\Interfaz.cpp(11,9):
      'UNICODE' declarado previamente en la línea de comandos
  
D:\REPOSITORIOS\ParserMetodos\Interfaz\Interfaz\Interfaz.cpp(73,18): warning C4311: 'conversión de tipo': truncamiento de puntero de 'HINSTANCE' a 'int'
D:\REPOSITORIOS\ParserMetodos\Interfaz\Interfaz\Interfaz.cpp(73,18): warning C4302: 'conversión de tipo': truncamiento de 'HINSTANCE' a 'int'
D:\REPOSITORIOS\ParserMetodos\Interfaz\Interfaz\Interfaz.cpp(97,13): warning C4244: 'inicializando': conversión de 'LRESULT' a 'int'; posible pérdida de datos
D:\REPOSITORIOS\ParserMetodos\Interfaz\Interfaz\Interfaz.cpp(333,28): warning C4244: '=': conversión de 'LRESULT' a 'DWORD'; posible pérdida de datos
D:\REPOSITORIOS\ParserMetodos\Interfaz\Interfaz\Interfaz.cpp(520,23): warning C4244: 'inicializando': conversión de 'LRESULT' a 'int'; posible pérdida de datos
D:\REPOSITORIOS\ParserMetodos\Interfaz\Interfaz\Interfaz.cpp(533,39): warning C4244: 'inicializando': conversión de 'LRESULT' a 'DWORD'; posible pérdida de datos
D:\REPOSITORIOS\ParserMetodos\Interfaz\Interfaz\Interfaz.cpp(534,37): warning C4244: 'inicializando': conversión de 'LRESULT' a 'DWORD'; posible pérdida de datos
D:\REPOSITORIOS\ParserMetodos\Interfaz\Interfaz\Interfaz.cpp(550,43): warning C4244: 'inicializando': conversión de 'LRESULT' a 'DWORD'; posible pérdida de datos
D:\REPOSITORIOS\ParserMetodos\Interfaz\Interfaz\Interfaz.cpp(551,41): warning C4244: 'inicializando': conversión de 'LRESULT' a 'DWORD'; posible pérdida de datos
  Interfaz.vcxproj -> D:\REPOSITORIOS\ParserMetodos\Interfaz\x64\Debug\Interfaz.exe
